// Jest Snapshot v1, https://goo.gl/fbAQLP

exports[`migawkowy test 1`] = `
<View
  style={
    {
      "backgroundColor": "#ccc",
      "flex": 1,
    }
  }
>
  <View
    style={
      {
        "alignItems": "center",
        "flex": 1,
        "justifyContent": "center",
      }
    }
  >
    <Text
      style={
        {
          "color": "#363636",
          "fontSize": 20,
          "margin": 10,
        }
      }
    >
      Hello world in IOS undefined
    </Text>
  </View>
  <View
    style={
      {
        "alignItems": "center",
        "flex": 4,
        "justifyContent": "center",
      }
    }
  >
    <TextInput
      defaultValue=""
      onChangeText={[Function]}
      placeholder="Login:"
      style={
        {
          "borderColor": "#363636",
          "borderRadius": 15,
          "borderWidth": 1,
          "color": "#363636",
          "fontSize": 20,
          "height": 40,
          "margin": 10,
          "padding": 2,
          "textAlign": "center",
          "width": 300,
        }
      }
    />
    <Text
      style={
        {
          "color": "#363636",
          "fontSize": 15,
          "marginBottom": 10,
        }
      }
    />
    <View
      accessibilityValue={
        {
          "max": undefined,
          "min": undefined,
          "now": undefined,
          "text": undefined,
        }
      }
      accessible={true}
      focusable={true}
      onClick={[Function]}
      onResponderGrant={[Function]}
      onResponderMove={[Function]}
      onResponderRelease={[Function]}
      onResponderTerminate={[Function]}
      onResponderTerminationRequest={[Function]}
      onStartShouldSetResponder={[Function]}
      style={
        [
          {
            "borderRadius": 15,
          },
          undefined,
        ]
      }
    >
      <View
        style={
          [
            {
              "alignItems": "center",
              "backgroundColor": "#363636",
              "borderRadius": 15,
              "justifyContent": "center",
            },
            {
              "backgroundColor": "#363636",
              "width": 200,
            },
          ]
        }
      >
        <Text
          style={
            [
              {
                "color": "#ccc",
                "fontSize": 20,
                "margin": 15,
                "textAlign": "center",
              },
              undefined,
            ]
          }
        >
          Zaloguj siÄ™
        </Text>
      </View>
    </View>
  </View>
</View>
`;
