// Jest Snapshot v1, https://goo.gl/fbAQLP

exports[`snapshot test 1`] = `
<View>
  <Text>
    Hello world
  </Text>
</View>
`;
